This is pdfTeX, Version 3.141592653-2.6-1.40.26 (TeX Live 2024) (preloaded format=pdflatex 2025.2.2)  24 AUG 2025 11:01
entering extended mode
 restricted \write18 enabled.
 file:line:error style messages enabled.
 %&-line parsing enabled.
**sample.bib
(./sample.bib
LaTeX2e <2024-11-01> patch level 2
L3 programming layer <2025-01-18>

./sample.bib:10: LaTeX Error: Missing \begin{document}.

See the LaTeX manual or LaTeX Companion for explanation.
Type  H <return>  for immediate help.
 ...                                              
                                                  
l.10 @
      article {eisenbudGoto84,
? 
./sample.bib:10: Emergency stop.
 ...                                              
                                                  
l.10 @
      article {eisenbudGoto84,
You're in trouble here.  Try typing  <return>  to proceed.
If that doesn't work, type  X <return>  to quit.

 
Here is how much of TeX's memory you used:
 16 strings out of 473201
 477 string characters out of 5716121
 391988 words of memory out of 5000000
 23365 multiletter control sequences out of 15000+600000
 558837 words of font info for 36 fonts, out of 8000000 for 9000
 1141 hyphenation exceptions out of 8191
 15i,0n,18p,101b,14s stack positions out of 10000i,1000n,20000p,200000b,200000s
./sample.bib:10:  ==> Fatal error occurred, no output PDF file produced!
